#! /usr/bin/vvp
:ivl_version "12.0 (stable)";
:ivl_delay_selection "TYPICAL";
:vpi_time_precision - 12;
:vpi_module "/usr/lib/x86_64-linux-gnu/ivl/system.vpi";
:vpi_module "/usr/lib/x86_64-linux-gnu/ivl/vhdl_sys.vpi";
:vpi_module "/usr/lib/x86_64-linux-gnu/ivl/vhdl_textio.vpi";
:vpi_module "/usr/lib/x86_64-linux-gnu/ivl/v2005_math.vpi";
:vpi_module "/usr/lib/x86_64-linux-gnu/ivl/va_math.vpi";
:vpi_module "/usr/lib/x86_64-linux-gnu/ivl/v2009.vpi";
S_0x630b607eb180 .scope package, "$unit" "$unit" 2 1;
 .timescale 0 0;
enum0x630b607d3290 .enum4 (3)
   "OP_ADD" 3'b000,
   "OP_SUB" 3'b001,
   "OP_AND" 3'b010,
   "OP_OR" 3'b011,
   "OP_XOR" 3'b100,
   "OP_PASS" 3'b101
 ;
S_0x630b607eb310 .scope module, "tb_top" "tb_top" 3 13;
 .timescale -9 -12;
v0x630b60839920_0 .var "alu_op", 2 0;
v0x630b60839a50_0 .var "clk", 0 0;
v0x630b60839b60_0 .var "external_data", 7 0;
v0x630b60839c00_0 .var "external_write", 0 0;
v0x630b60839cd0_0 .var "rd_addr", 2 0;
v0x630b60839e10_0 .net "result", 7 0, L_0x630b607f4c70;  1 drivers
v0x630b60839eb0_0 .var "rs1_addr", 2 0;
v0x630b60839fa0_0 .net "rs1_data", 7 0, L_0x630b6080d050;  1 drivers
v0x630b6083a040_0 .var "rs2_addr", 2 0;
v0x630b6083a190_0 .net "rs2_data", 7 0, L_0x630b6080ac30;  1 drivers
v0x630b6083a250_0 .var "rst", 0 0;
v0x630b6083a340_0 .var "write_enable", 0 0;
v0x630b6083a430_0 .net "zero", 0 0, L_0x630b6083ac90;  1 drivers
S_0x630b607f6d60 .scope begin, "$ivl_for_loop1" "$ivl_for_loop1" 3 194, 3 194 0, S_0x630b607eb310;
 .timescale -9 -12;
v0x630b6080cde0_0 .var/2s "i", 31 0;
S_0x630b60835e70 .scope module, "dut" "top" 3 49, 4 16 0, S_0x630b607eb310;
 .timescale -9 -12;
    .port_info 0 /INPUT 1 "clk_i";
    .port_info 1 /INPUT 1 "rst_i";
    .port_info 2 /INPUT 3 "rs1_addr_i";
    .port_info 3 /INPUT 3 "rs2_addr_i";
    .port_info 4 /INPUT 3 "rd_addr_i";
    .port_info 5 /INPUT 3 "alu_op_i";
    .port_info 6 /INPUT 1 "write_enable_i";
    .port_info 7 /INPUT 1 "external_write_i";
    .port_info 8 /INPUT 8 "external_data_i";
    .port_info 9 /OUTPUT 8 "rs1_data_o";
    .port_info 10 /OUTPUT 8 "rs2_data_o";
    .port_info 11 /OUTPUT 8 "result_o";
    .port_info 12 /OUTPUT 1 "zero_o";
P_0x630b60812650 .param/l "ADDR_W" 0 4 18, +C4<00000000000000000000000000000011>;
P_0x630b60812690 .param/l "XLEN" 0 4 17, +C4<00000000000000000000000000001000>;
L_0x630b607f4c70 .functor BUFZ 8, v0x630b60836790_0, C4<00000000>, C4<00000000>, C4<00000000>;
v0x630b60838180_0 .net "alu_op_i", 2 0, v0x630b60839920_0;  1 drivers
v0x630b60838290_0 .net "alu_result", 7 0, v0x630b60836790_0;  1 drivers
v0x630b60838360_0 .net "clk_i", 0 0, v0x630b60839a50_0;  1 drivers
v0x630b60838460_0 .net "external_data_i", 7 0, v0x630b60839b60_0;  1 drivers
v0x630b60838500_0 .net "external_write_i", 0 0, v0x630b60839c00_0;  1 drivers
v0x630b608385a0_0 .net "rd_addr_i", 2 0, v0x630b60839cd0_0;  1 drivers
v0x630b60838660_0 .net "result_o", 7 0, L_0x630b607f4c70;  alias, 1 drivers
v0x630b60838720_0 .net "rs1_addr_i", 2 0, v0x630b60839eb0_0;  1 drivers
v0x630b60838810_0 .net "rs1_data_o", 7 0, L_0x630b6080d050;  alias, 1 drivers
v0x630b60838940_0 .net "rs2_addr_i", 2 0, v0x630b6083a040_0;  1 drivers
v0x630b60838a00_0 .net "rs2_data_o", 7 0, L_0x630b6080ac30;  alias, 1 drivers
v0x630b60838af0_0 .net "rst_i", 0 0, v0x630b6083a250_0;  1 drivers
v0x630b60838b90_0 .net "write_data", 7 0, L_0x630b6083a520;  1 drivers
v0x630b60838c60_0 .net "write_enable_i", 0 0, v0x630b6083a340_0;  1 drivers
v0x630b60838d30_0 .net "zero_o", 0 0, L_0x630b6083ac90;  alias, 1 drivers
L_0x630b6083a520 .functor MUXZ 8, v0x630b60836790_0, v0x630b60839b60_0, v0x630b60839c00_0, C4<>;
S_0x630b60836250 .scope module, "u_alu" "alu" 4 76, 5 13 0, S_0x630b60835e70;
 .timescale -9 -12;
    .port_info 0 /INPUT 8 "lhs_i";
    .port_info 1 /INPUT 8 "rhs_i";
    .port_info 2 /INPUT 3 "op_i";
    .port_info 3 /OUTPUT 8 "result_o";
    .port_info 4 /OUTPUT 1 "zero_o";
P_0x630b60836430 .param/l "XLEN" 0 5 14, +C4<00000000000000000000000000001000>;
L_0x7b9aafbb70a8 .functor BUFT 1, C4<00000000>, C4<0>, C4<0>, C4<0>;
v0x630b6080ad90_0 .net/2u *"_ivl_0", 7 0, L_0x7b9aafbb70a8;  1 drivers
v0x630b608365f0_0 .net "lhs_i", 7 0, L_0x630b6080d050;  alias, 1 drivers
v0x630b608366d0_0 .net "op_i", 2 0, v0x630b60839920_0;  alias, 1 drivers
v0x630b60836790_0 .var "result_o", 7 0;
v0x630b60836870_0 .net "rhs_i", 7 0, L_0x630b6080ac30;  alias, 1 drivers
v0x630b608369a0_0 .net "zero_o", 0 0, L_0x630b6083ac90;  alias, 1 drivers
E_0x630b607ec400 .event anyedge, v0x630b608366d0_0, v0x630b608365f0_0, v0x630b60836870_0;
L_0x630b6083ac90 .cmp/eq 8, v0x630b60836790_0, L_0x7b9aafbb70a8;
S_0x630b60836b00 .scope module, "u_regfile" "regfile" 4 55, 6 15 0, S_0x630b60835e70;
 .timescale -9 -12;
    .port_info 0 /INPUT 1 "clk_i";
    .port_info 1 /INPUT 1 "rst_i";
    .port_info 2 /INPUT 1 "we_i";
    .port_info 3 /INPUT 3 "rd_addr_i";
    .port_info 4 /INPUT 8 "rd_data_i";
    .port_info 5 /INPUT 3 "rs1_addr_i";
    .port_info 6 /INPUT 3 "rs2_addr_i";
    .port_info 7 /OUTPUT 8 "rs1_data_o";
    .port_info 8 /OUTPUT 8 "rs2_data_o";
P_0x630b60836d00 .param/l "ADDR_W" 0 6 18, +C4<00000000000000000000000000000011>;
P_0x630b60836d40 .param/l "REG_COUNT" 0 6 17, +C4<00000000000000000000000000001000>;
P_0x630b60836d80 .param/l "XLEN" 0 6 16, +C4<00000000000000000000000000001000>;
L_0x630b6080d050 .functor BUFZ 8, L_0x630b6083a740, C4<00000000>, C4<00000000>, C4<00000000>;
L_0x630b6080ac30 .functor BUFZ 8, L_0x630b6083a9f0, C4<00000000>, C4<00000000>, C4<00000000>;
v0x630b60837310_0 .net *"_ivl_0", 7 0, L_0x630b6083a740;  1 drivers
v0x630b60837410_0 .net *"_ivl_10", 4 0, L_0x630b6083aa90;  1 drivers
L_0x7b9aafbb7060 .functor BUFT 1, C4<00>, C4<0>, C4<0>, C4<0>;
v0x630b608374f0_0 .net *"_ivl_13", 1 0, L_0x7b9aafbb7060;  1 drivers
v0x630b608375b0_0 .net *"_ivl_2", 4 0, L_0x630b6083a800;  1 drivers
L_0x7b9aafbb7018 .functor BUFT 1, C4<00>, C4<0>, C4<0>, C4<0>;
v0x630b60837690_0 .net *"_ivl_5", 1 0, L_0x7b9aafbb7018;  1 drivers
v0x630b608377c0_0 .net *"_ivl_8", 7 0, L_0x630b6083a9f0;  1 drivers
v0x630b608378a0_0 .net "clk_i", 0 0, v0x630b60839a50_0;  alias, 1 drivers
v0x630b60837960_0 .net "rd_addr_i", 2 0, v0x630b60839cd0_0;  alias, 1 drivers
v0x630b60837a40_0 .net "rd_data_i", 7 0, L_0x630b6083a520;  alias, 1 drivers
v0x630b60837b20 .array "regs", 7 0, 7 0;
v0x630b60837be0_0 .net "rs1_addr_i", 2 0, v0x630b60839eb0_0;  alias, 1 drivers
v0x630b60837cc0_0 .net "rs1_data_o", 7 0, L_0x630b6080d050;  alias, 1 drivers
v0x630b60837d80_0 .net "rs2_addr_i", 2 0, v0x630b6083a040_0;  alias, 1 drivers
v0x630b60837e40_0 .net "rs2_data_o", 7 0, L_0x630b6080ac30;  alias, 1 drivers
v0x630b60837f00_0 .net "rst_i", 0 0, v0x630b6083a250_0;  alias, 1 drivers
v0x630b60837fa0_0 .net "we_i", 0 0, v0x630b6083a340_0;  alias, 1 drivers
E_0x630b607aee80 .event posedge, v0x630b608378a0_0;
L_0x630b6083a740 .array/port v0x630b60837b20, L_0x630b6083a800;
L_0x630b6083a800 .concat [ 3 2 0 0], v0x630b60839eb0_0, L_0x7b9aafbb7018;
L_0x630b6083a9f0 .array/port v0x630b60837b20, L_0x630b6083aa90;
L_0x630b6083aa90 .concat [ 3 2 0 0], v0x630b6083a040_0, L_0x7b9aafbb7060;
S_0x630b60837010 .scope begin, "$ivl_for_loop0" "$ivl_for_loop0" 6 46, 6 46 0, S_0x630b60836b00;
 .timescale -9 -12;
v0x630b60837210_0 .var/2s "i", 31 0;
S_0x630b60838f40 .scope autotask, "execute" "execute" 3 116, 3 116 0, S_0x630b607eb310;
 .timescale -9 -12;
v0x630b60839170_0 .var "op", 2 0;
v0x630b60839270_0 .var "rd", 2 0;
v0x630b60839350_0 .var "rs1", 2 0;
v0x630b60839440_0 .var "rs2", 2 0;
E_0x630b607e7e30 .event negedge, v0x630b608378a0_0;
TD_tb_top.execute ;
    %wait E_0x630b607e7e30;
    %load/vec4 v0x630b60839350_0;
    %assign/vec4 v0x630b60839eb0_0, 0;
    %load/vec4 v0x630b60839440_0;
    %assign/vec4 v0x630b6083a040_0, 0;
    %load/vec4 v0x630b60839270_0;
    %assign/vec4 v0x630b60839cd0_0, 0;
    %load/vec4 v0x630b60839170_0;
    %assign/vec4 v0x630b60839920_0, 0;
    %pushi/vec4 1, 0, 1;
    %assign/vec4 v0x630b6083a340_0, 0;
    %wait E_0x630b607aee80;
    %vpi_call/w 3 132 "$display", "[%0t] OP=%0d  R%0d(%0d)  R%0d(%0d) -> R%0d = %0d", $time, v0x630b60839170_0, v0x630b60839350_0, v0x630b60839fa0_0, v0x630b60839440_0, v0x630b6083a190_0, v0x630b60839270_0, v0x630b60839e10_0 {0 0 0};
    %pushi/vec4 0, 0, 1;
    %assign/vec4 v0x630b6083a340_0, 0;
    %end;
S_0x630b60839520 .scope autotask, "load_reg" "load_reg" 3 99, 3 99 0, S_0x630b607eb310;
 .timescale -9 -12;
v0x630b60839740_0 .var "addr", 2 0;
v0x630b60839840_0 .var "value", 7 0;
E_0x630b607e8620 .event negedge, v0x630b608378a0_0;
TD_tb_top.load_reg ;
    %wait E_0x630b607e8620;
    %load/vec4 v0x630b60839740_0;
    %assign/vec4 v0x630b60839cd0_0, 0;
    %load/vec4 v0x630b60839840_0;
    %assign/vec4 v0x630b60839b60_0, 0;
    %pushi/vec4 1, 0, 1;
    %assign/vec4 v0x630b60839c00_0, 0;
    %pushi/vec4 1, 0, 1;
    %assign/vec4 v0x630b6083a340_0, 0;
    %wait E_0x630b607aee80;
    %pushi/vec4 0, 0, 1;
    %assign/vec4 v0x630b60839c00_0, 0;
    %pushi/vec4 0, 0, 1;
    %assign/vec4 v0x630b6083a340_0, 0;
    %end;
    .scope S_0x630b60836b00;
T_2 ;
    %wait E_0x630b607aee80;
    %load/vec4 v0x630b60837f00_0;
    %flag_set/vec4 8;
    %jmp/0xz  T_2.0, 8;
    %fork t_1, S_0x630b60837010;
    %jmp t_0;
    .scope S_0x630b60837010;
t_1 ;
    %pushi/vec4 0, 0, 32;
    %store/vec4 v0x630b60837210_0, 0, 32;
T_2.2 ;
    %load/vec4 v0x630b60837210_0;
    %cmpi/s 8, 0, 32;
    %jmp/0xz T_2.3, 5;
    %pushi/vec4 0, 0, 8;
    %ix/getv/s 3, v0x630b60837210_0;
    %ix/load 4, 0, 0; Constant delay
    %assign/vec4/a/d v0x630b60837b20, 0, 4;
    ; show_stmt_assign_vector: Get l-value for compressed += operand
    %load/vec4 v0x630b60837210_0;
    %pushi/vec4 1, 0, 32;
    %add;
    %cast2;
    %store/vec4 v0x630b60837210_0, 0, 32;
    %jmp T_2.2;
T_2.3 ;
    %end;
    .scope S_0x630b60836b00;
t_0 %join;
    %jmp T_2.1;
T_2.0 ;
    %load/vec4 v0x630b60837fa0_0;
    %flag_set/vec4 8;
    %jmp/0xz  T_2.4, 8;
    %load/vec4 v0x630b60837a40_0;
    %load/vec4 v0x630b60837960_0;
    %pad/u 5;
    %ix/vec4 3;
    %ix/load 4, 0, 0; Constant delay
    %assign/vec4/a/d v0x630b60837b20, 0, 4;
T_2.4 ;
T_2.1 ;
    %jmp T_2;
    .thread T_2;
    .scope S_0x630b60836250;
T_3 ;
Ewait_0 .event/or E_0x630b607ec400, E_0x0;
    %wait Ewait_0;
    %pushi/vec4 0, 0, 8;
    %store/vec4 v0x630b60836790_0, 0, 8;
    %load/vec4 v0x630b608366d0_0;
    %dup/vec4;
    %pushi/vec4 0, 0, 3;
    %cmp/u;
    %jmp/1 T_3.0, 6;
    %dup/vec4;
    %pushi/vec4 1, 0, 3;
    %cmp/u;
    %jmp/1 T_3.1, 6;
    %dup/vec4;
    %pushi/vec4 2, 0, 3;
    %cmp/u;
    %jmp/1 T_3.2, 6;
    %dup/vec4;
    %pushi/vec4 3, 0, 3;
    %cmp/u;
    %jmp/1 T_3.3, 6;
    %dup/vec4;
    %pushi/vec4 4, 0, 3;
    %cmp/u;
    %jmp/1 T_3.4, 6;
    %dup/vec4;
    %pushi/vec4 5, 0, 3;
    %cmp/u;
    %jmp/1 T_3.5, 6;
    %pushi/vec4 0, 0, 8;
    %store/vec4 v0x630b60836790_0, 0, 8;
    %jmp T_3.7;
T_3.0 ;
    %load/vec4 v0x630b608365f0_0;
    %load/vec4 v0x630b60836870_0;
    %add;
    %store/vec4 v0x630b60836790_0, 0, 8;
    %jmp T_3.7;
T_3.1 ;
    %load/vec4 v0x630b608365f0_0;
    %load/vec4 v0x630b60836870_0;
    %sub;
    %store/vec4 v0x630b60836790_0, 0, 8;
    %jmp T_3.7;
T_3.2 ;
    %load/vec4 v0x630b608365f0_0;
    %load/vec4 v0x630b60836870_0;
    %and;
    %store/vec4 v0x630b60836790_0, 0, 8;
    %jmp T_3.7;
T_3.3 ;
    %load/vec4 v0x630b608365f0_0;
    %load/vec4 v0x630b60836870_0;
    %or;
    %store/vec4 v0x630b60836790_0, 0, 8;
    %jmp T_3.7;
T_3.4 ;
    %load/vec4 v0x630b608365f0_0;
    %load/vec4 v0x630b60836870_0;
    %xor;
    %store/vec4 v0x630b60836790_0, 0, 8;
    %jmp T_3.7;
T_3.5 ;
    %load/vec4 v0x630b608365f0_0;
    %store/vec4 v0x630b60836790_0, 0, 8;
    %jmp T_3.7;
T_3.7 ;
    %pop/vec4 1;
    %jmp T_3;
    .thread T_3, $push;
    .scope S_0x630b607eb310;
T_4 ;
    %pushi/vec4 0, 0, 1;
    %store/vec4 v0x630b60839a50_0, 0, 1;
    %end;
    .thread T_4;
    .scope S_0x630b607eb310;
T_5 ;
    %delay 5000, 0;
    %load/vec4 v0x630b60839a50_0;
    %inv;
    %store/vec4 v0x630b60839a50_0, 0, 1;
    %jmp T_5;
    .thread T_5;
    .scope S_0x630b607eb310;
T_6 ;
    %vpi_call/w 3 85 "$dumpfile", "build/dump.vcd" {0 0 0};
    %vpi_call/w 3 86 "$dumpvars", 32'sb00000000000000000000000000000000, S_0x630b607eb310 {0 0 0};
    %end;
    .thread T_6;
    .scope S_0x630b607eb310;
T_7 ;
    %pushi/vec4 0, 0, 1;
    %store/vec4 v0x630b60839c00_0, 0, 1;
    %pushi/vec4 0, 0, 8;
    %store/vec4 v0x630b60839b60_0, 0, 8;
    %end;
    .thread T_7;
    .scope S_0x630b607eb310;
T_8 ;
    %pushi/vec4 1, 0, 1;
    %store/vec4 v0x630b6083a250_0, 0, 1;
    %pushi/vec4 0, 0, 1;
    %store/vec4 v0x630b6083a340_0, 0, 1;
    %pushi/vec4 0, 0, 3;
    %store/vec4 v0x630b60839eb0_0, 0, 3;
    %pushi/vec4 0, 0, 3;
    %store/vec4 v0x630b6083a040_0, 0, 3;
    %pushi/vec4 0, 0, 3;
    %store/vec4 v0x630b60839cd0_0, 0, 3;
    %pushi/vec4 0, 0, 3;
    %store/vec4 v0x630b60839920_0, 0, 3;
    %pushi/vec4 2, 0, 32;
T_8.0 %dup/vec4;
    %pushi/vec4 0, 0, 32;
    %cmp/s;
    %jmp/1xz T_8.1, 5;
    %jmp/1 T_8.1, 4;
    %pushi/vec4 1, 0, 32;
    %sub;
    %wait E_0x630b607aee80;
    %jmp T_8.0;
T_8.1 ;
    %pop/vec4 1;
    %pushi/vec4 0, 0, 1;
    %store/vec4 v0x630b6083a250_0, 0, 1;
    %alloc S_0x630b60839520;
    %pushi/vec4 0, 0, 3;
    %store/vec4 v0x630b60839740_0, 0, 3;
    %pushi/vec4 10, 0, 8;
    %store/vec4 v0x630b60839840_0, 0, 8;
    %fork TD_tb_top.load_reg, S_0x630b60839520;
    %join;
    %free S_0x630b60839520;
    %alloc S_0x630b60839520;
    %pushi/vec4 1, 0, 3;
    %store/vec4 v0x630b60839740_0, 0, 3;
    %pushi/vec4 20, 0, 8;
    %store/vec4 v0x630b60839840_0, 0, 8;
    %fork TD_tb_top.load_reg, S_0x630b60839520;
    %join;
    %free S_0x630b60839520;
    %alloc S_0x630b60839520;
    %pushi/vec4 2, 0, 3;
    %store/vec4 v0x630b60839740_0, 0, 3;
    %pushi/vec4 5, 0, 8;
    %store/vec4 v0x630b60839840_0, 0, 8;
    %fork TD_tb_top.load_reg, S_0x630b60839520;
    %join;
    %free S_0x630b60839520;
    %alloc S_0x630b60839520;
    %pushi/vec4 3, 0, 3;
    %store/vec4 v0x630b60839740_0, 0, 3;
    %pushi/vec4 3, 0, 8;
    %store/vec4 v0x630b60839840_0, 0, 8;
    %fork TD_tb_top.load_reg, S_0x630b60839520;
    %join;
    %free S_0x630b60839520;
    %alloc S_0x630b60838f40;
    %pushi/vec4 0, 0, 3;
    %store/vec4 v0x630b60839350_0, 0, 3;
    %pushi/vec4 1, 0, 3;
    %store/vec4 v0x630b60839440_0, 0, 3;
    %pushi/vec4 4, 0, 3;
    %store/vec4 v0x630b60839270_0, 0, 3;
    %pushi/vec4 0, 0, 3;
    %store/vec4 v0x630b60839170_0, 0, 3;
    %fork TD_tb_top.execute, S_0x630b60838f40;
    %join;
    %free S_0x630b60838f40;
    %alloc S_0x630b60838f40;
    %pushi/vec4 1, 0, 3;
    %store/vec4 v0x630b60839350_0, 0, 3;
    %pushi/vec4 2, 0, 3;
    %store/vec4 v0x630b60839440_0, 0, 3;
    %pushi/vec4 5, 0, 3;
    %store/vec4 v0x630b60839270_0, 0, 3;
    %pushi/vec4 1, 0, 3;
    %store/vec4 v0x630b60839170_0, 0, 3;
    %fork TD_tb_top.execute, S_0x630b60838f40;
    %join;
    %free S_0x630b60838f40;
    %alloc S_0x630b60838f40;
    %pushi/vec4 0, 0, 3;
    %store/vec4 v0x630b60839350_0, 0, 3;
    %pushi/vec4 3, 0, 3;
    %store/vec4 v0x630b60839440_0, 0, 3;
    %pushi/vec4 6, 0, 3;
    %store/vec4 v0x630b60839270_0, 0, 3;
    %pushi/vec4 2, 0, 3;
    %store/vec4 v0x630b60839170_0, 0, 3;
    %fork TD_tb_top.execute, S_0x630b60838f40;
    %join;
    %free S_0x630b60838f40;
    %alloc S_0x630b60838f40;
    %pushi/vec4 0, 0, 3;
    %store/vec4 v0x630b60839350_0, 0, 3;
    %pushi/vec4 3, 0, 3;
    %store/vec4 v0x630b60839440_0, 0, 3;
    %pushi/vec4 7, 0, 3;
    %store/vec4 v0x630b60839270_0, 0, 3;
    %pushi/vec4 3, 0, 3;
    %store/vec4 v0x630b60839170_0, 0, 3;
    %fork TD_tb_top.execute, S_0x630b60838f40;
    %join;
    %free S_0x630b60838f40;
    %alloc S_0x630b60838f40;
    %pushi/vec4 4, 0, 3;
    %store/vec4 v0x630b60839350_0, 0, 3;
    %pushi/vec4 5, 0, 3;
    %store/vec4 v0x630b60839440_0, 0, 3;
    %pushi/vec4 0, 0, 3;
    %store/vec4 v0x630b60839270_0, 0, 3;
    %pushi/vec4 4, 0, 3;
    %store/vec4 v0x630b60839170_0, 0, 3;
    %fork TD_tb_top.execute, S_0x630b60838f40;
    %join;
    %free S_0x630b60838f40;
    %alloc S_0x630b60838f40;
    %pushi/vec4 7, 0, 3;
    %store/vec4 v0x630b60839350_0, 0, 3;
    %pushi/vec4 7, 0, 3;
    %store/vec4 v0x630b60839440_0, 0, 3;
    %pushi/vec4 1, 0, 3;
    %store/vec4 v0x630b60839270_0, 0, 3;
    %pushi/vec4 5, 0, 3;
    %store/vec4 v0x630b60839170_0, 0, 3;
    %fork TD_tb_top.execute, S_0x630b60838f40;
    %join;
    %free S_0x630b60838f40;
    %vpi_call/w 3 192 "$display", "\012Final Register File:" {0 0 0};
    %fork t_3, S_0x630b607f6d60;
    %jmp t_2;
    .scope S_0x630b607f6d60;
t_3 ;
    %pushi/vec4 0, 0, 32;
    %store/vec4 v0x630b6080cde0_0, 0, 32;
T_8.2 ;
    %load/vec4 v0x630b6080cde0_0;
    %cmpi/s 8, 0, 32;
    %jmp/0xz T_8.3, 5;
    %vpi_call/w 3 195 "$display", "R%0d = %0d", v0x630b6080cde0_0, &A<v0x630b60837b20, v0x630b6080cde0_0 > {0 0 0};
    ; show_stmt_assign_vector: Get l-value for compressed += operand
    %load/vec4 v0x630b6080cde0_0;
    %pushi/vec4 1, 0, 32;
    %add;
    %cast2;
    %store/vec4 v0x630b6080cde0_0, 0, 32;
    %jmp T_8.2;
T_8.3 ;
    %end;
    .scope S_0x630b607eb310;
t_2 %join;
    %vpi_call/w 3 198 "$display", "\012Simulation Complete." {0 0 0};
    %delay 20000, 0;
    %vpi_call/w 3 201 "$finish" {0 0 0};
    %end;
    .thread T_8;
# The file index is used to find the file name in the following table.
:file_names 7;
    "N/A";
    "<interactive>";
    "-";
    "tb/tb_top.sv";
    "rtl/top.sv";
    "rtl/alu.sv";
    "rtl/regfile.sv";
